// Jest Snapshot v1, https://goo.gl/fbAQLP

exports[`<Tabs /> should trigger change 1`] = `
RenderContext {
  "0": VNode {
    "attributes": Object {
      "activeId": "a",
      "onChange": [MockFunction] {
        "calls": Array [
          Array [
            "a",
          ],
        ],
        "results": Array [
          Object {
            "type": "return",
            "value": undefined,
          },
        ],
      },
    },
    "children": Array [
      VNode {
        "attributes": Object {
          "className": "test",
          "id": "a",
          "label": "A",
        },
        "children": Array [
          VNode {
            "attributes": undefined,
            "children": Array [
              "A",
            ],
            "key": undefined,
            "nodeName": "div",
          },
        ],
        "key": undefined,
        "nodeName": [Function],
      },
      VNode {
        "attributes": Object {
          "id": "b",
          "label": "B",
        },
        "children": Array [
          VNode {
            "attributes": undefined,
            "children": Array [
              "B",
            ],
            "key": undefined,
            "nodeName": "div",
          },
        ],
        "key": undefined,
        "nodeName": [Function],
      },
    ],
    "key": undefined,
    "nodeName": [Function],
  },
  "length": 1,
}
`;

exports[`<Tabs /> should trigger change 2`] = `
RenderContext {
  "0": null,
  "length": 1,
}
`;
